[websitecanhan-b3e0b.web.app/index.html]
[backblue.gif]
[fade.gif]
[index.html]
[websitecanhan-b3e0b.web.app/assets/img/apple-touch-icon.png]
[websitecanhan-b3e0b.web.app/assets/vendor/aos/aos.css]
[websitecanhan-b3e0b.web.app/assets/vendor/bootstrap-icons/bootstrap-icons.css]
[websitecanhan-b3e0b.web.app/assets/vendor/bootstrap/css/bootstrap.min.css]
[websitecanhan-b3e0b.web.app/assets/vendor/boxicons/css/boxicons.min.css]
[websitecanhan-b3e0b.web.app/assets/vendor/glightbox/css/glightbox.min.css]
[websitecanhan-b3e0b.web.app/assets/vendor/swiper/swiper-bundle.min.css]
[websitecanhan-b3e0b.web.app/assets/css/style.css]
[websitecanhan-b3e0b.web.app/about.html]
[websitecanhan-b3e0b.web.app/lab.html]
[websitecanhan-b3e0b.web.app/result.html]
[websitecanhan-b3e0b.web.app/contact.html]
[websitecanhan-b3e0b.web.app/assets/vendor/aos/aos.js]
[websitecanhan-b3e0b.web.app/assets/vendor/bootstrap/js/bootstrap.bundle.min.js]
[websitecanhan-b3e0b.web.app/assets/vendor/glightbox/js/glightbox.min.js]
[websitecanhan-b3e0b.web.app/assets/vendor/isotope-layout/isotope.pkgd.min.js]
[websitecanhan-b3e0b.web.app/assets/vendor/php-email-form/validate.js]
[websitecanhan-b3e0b.web.app/assets/vendor/purecounter/purecounter.js]
[websitecanhan-b3e0b.web.app/assets/vendor/swiper/swiper-bundle.min.js]
[websitecanhan-b3e0b.web.app/assets/vendor/waypoints/noframework.waypoints.js]
[websitecanhan-b3e0b.web.app/index.html]
[websitecanhan-b3e0b.web.app/assets/vendor/aos/aos.css]
[websitecanhan-b3e0b.web.app/assets/js/main.js]
[websitecanhan-b3e0b.web.app/assets/vendor/bootstrap/css/bootstrap.min.css]
[websitecanhan-b3e0b.web.app/index-2.html]
[websitecanhan-b3e0b.web.app/assets/vendor/bootstrap-icons/fonts/bootstrap-icons63f363f3.woff2]
[websitecanhan-b3e0b.web.app/assets/vendor/bootstrap-icons/bootstrap-icons.css]
[websitecanhan-b3e0b.web.app/assets/vendor/bootstrap-icons/fonts/bootstrap-icons63f363f3.woff]
[websitecanhan-b3e0b.web.app/assets/vendor/boxicons/fonts/boxicons.eot]
[websitecanhan-b3e0b.web.app/assets/vendor/boxicons/fonts/boxicons.woff2]
[websitecanhan-b3e0b.web.app/assets/vendor/boxicons/fonts/boxicons.woff]
[websitecanhan-b3e0b.web.app/assets/vendor/boxicons/fonts/boxicons.ttf]
[websitecanhan-b3e0b.web.app/assets/vendor/boxicons/css/boxicons.min.css]
[websitecanhan-b3e0b.web.app/assets/vendor/glightbox/css/glightbox.min.css]
[websitecanhan-b3e0b.web.app/assets/vendor/swiper/swiper-bundle.min.css]
[websitecanhan-b3e0b.web.app/assets/vendor/boxicons/fonts/boxiconsd41dd41d.svg]
[websitecanhan-b3e0b.web.app/assets/img/bg-1.html]
[websitecanhan-b3e0b.web.app/assets/css/style.css]
[websitecanhan-b3e0b.web.app/assets/img/bg.jpg]
[websitecanhan-b3e0b.web.app/assets/img/kiet.jpg]
[websitecanhan-b3e0b.web.app/assets/img/testimonials/testimonials-1.jpg]
[websitecanhan-b3e0b.web.app/assets/img/testimonials/testimonials-2.jpg]
[websitecanhan-b3e0b.web.app/assets/img/testimonials/testimonials-3.jpg]
[websitecanhan-b3e0b.web.app/assets/img/testimonials/testimonials-4.jpg]
[websitecanhan-b3e0b.web.app/about.html]
[websitecanhan-b3e0b.web.app/assets/img/testimonials/testimonials-5.jpg]
[websitecanhan-b3e0b.web.app/assets/css/lab.css]
[websitecanhan-b3e0b.web.app/assets/img/img1.jpg]
[websitecanhan-b3e0b.web.app/assets/img/book.png]
[websitecanhan-b3e0b.web.app/assets/img/book1.png]
[websitecanhan-b3e0b.web.app/assets/img/lab2.png]
[websitecanhan-b3e0b.web.app/assets/img/lab222.jpg]
[websitecanhan-b3e0b.web.app/assets/img/lab22.png]
[websitecanhan-b3e0b.web.app/assets/img/anh1.jpg]
[websitecanhan-b3e0b.web.app/assets/img/icon-payment-method-cod.svg]
[websitecanhan-b3e0b.web.app/assets/img/icon-payment-method-mo-mo.svg]
[websitecanhan-b3e0b.web.app/assets/img/icon-payment-method-zalo-pay.svg]
[websitecanhan-b3e0b.web.app/assets/img/icon-payment-method-atm.svg]
[websitecanhan-b3e0b.web.app/assets/img/bao.jpg]
[websitecanhan-b3e0b.web.app/assets/img/bao.png]
[websitecanhan-b3e0b.web.app/ex2.html]
[websitecanhan-b3e0b.web.app/assets/img/movi.jpg]
[websitecanhan-b3e0b.web.app/assets/img/movie.png]
[websitecanhan-b3e0b.web.app/ex1.html]
[websitecanhan-b3e0b.web.app/lab.html]
[websitecanhan-b3e0b.web.app/assets/js/lab.js]
[websitecanhan-b3e0b.web.app/assets/css/result.css]
[websitecanhan-b3e0b.web.app/result.html]
[websitecanhan-b3e0b.web.app/contact.html]
[websitecanhan-b3e0b.web.app/index-2.html]
[websitecanhan-b3e0b.web.app/assets/vendor/boxicons/fonts/boxiconsd41dd41d.svg]
[websitecanhan-b3e0b.web.app/assets/img/bg-1.html]
[websitecanhan-b3e0b.web.app/cdnjs.cloudflare.com/ajax/libs/font-awesome/6.0.0-beta2/css/all.min.html]
[websitecanhan-b3e0b.web.app/assets/css/lab.css]
[websitecanhan-b3e0b.web.app/assets/img/icon-payment-method-cod.svg]
[websitecanhan-b3e0b.web.app/assets/img/vt-pay.html]
[websitecanhan-b3e0b.web.app/assets/img/icon-payment-method-mo-mo.svg]
[websitecanhan-b3e0b.web.app/assets/img/icon-payment-method-zalo-pay.svg]
[websitecanhan-b3e0b.web.app/assets/img/icon-payment-method-atm.svg]
[websitecanhan-b3e0b.web.app/assets/css/ex2.css]
[websitecanhan-b3e0b.web.app/ex2.html]
[websitecanhan-b3e0b.web.app/assets/css/ex1.css]
[websitecanhan-b3e0b.web.app/ex1.html]
[websitecanhan-b3e0b.web.app/assets/css/result.css]
[websitecanhan-b3e0b.web.app/assets/css/ex2.css]
[websitecanhan-b3e0b.web.app/cdnjs.cloudflare.com/ajax/libs/font-awesome/5.15.4/css/all.min.html]
[websitecanhan-b3e0b.web.app/icdn.dantri.com.vn/zoom/528_352/2021/12/10/tphcm-bat-dau-tiem-mui-3-vaccine-phong-covid19-5-1639118187221.html]
[websitecanhan-b3e0b.web.app/vnn-imgs-f.vgcloud.vn/2021/12/10/14/bat-giam-cuu-giam-doc-benh-vien-tim-ha-noi-nguyen-quang-tuan-600x400.html]
[websitecanhan-b3e0b.web.app/photo-baomoi.zadn.vn/w300_r3x2_sm/2021_12_10_94_41152047/eeeb77c5c08729d97096.html]
[websitecanhan-b3e0b.web.app/icdn.dantri.com.vn/zoom/360_240/2021/12/10/xang-dau-3-crop-crop-1639120538517.html]
[websitecanhan-b3e0b.web.app/icdn.dantri.com.vn/zoom/480_320/2021/12/10/thuy-tienmiss-grand-4-crop-1639122574659.html]
[websitecanhan-b3e0b.web.app/adtima-media.zascdn.me/2021/12/38c3b104-488f-40ed-9301-8411e0406635.html]
[websitecanhan-b3e0b.web.app/icdn.dantri.com.vn/zoom/255_170/2021/12/10/truong-quoc-cuong-1639127822484.html]
[websitecanhan-b3e0b.web.app/icdn.dantri.com.vn/zoom/255_170/2021/12/10/nguyen-duc-chung3-1639114934213.html]
[websitecanhan-b3e0b.web.app/icdn.dantri.com.vn/zoom/255_170/2021/12/10/11639107282987-1639128024358.html]
[websitecanhan-b3e0b.web.app/icdn.dantri.com.vn/zoom/418_278/2021/11/30/chuan-crop-1638263146614.html]
[websitecanhan-b3e0b.web.app/assets/css/ex1.css]
[websitecanhan-b3e0b.web.app/use.fontawesome.com/releases/v5.1.1/css/all.html]
[websitecanhan-b3e0b.web.app/assets/img/dune.jpg]
